<html>
<body>
<pre>
<h1>µVision Build Log</h1>
<h2>Project:</h2>
C:\Documents and Settings\team1\My Documents\Testing Grounds\PIT_test.uvproj
Project File Date:  03/19/2012

<h2>Output:</h2>
Rebuild target 'Target 1'
compiling pit.c...
compiling aic.c...
compiling tc.c...
compiling twi.c...
compiling dbgu.c...
compiling math.c...
compiling pio.c...
compiling main.c...
main.c(29): warning:  #61-D: integer operation result is out of range
main.c(29): warning:  #68-D: integer conversion resulted in a change of sign
compiling TCM8230.c...
compiling isi2.c...
assembling SAM9XE.s...
linking...
PIT_test.axf: Error: L6218E: Undefined symbol ISI_Enable (referred from main.o).
PIT_test.axf: Error: L6218E: Undefined symbol ISI_Init (referred from main.o).
Target not created
Rebuild target 'Target 1'
compiling pit.c...
compiling aic.c...
compiling tc.c...
compiling twi.c...
compiling dbgu.c...
compiling math.c...
compiling pio.c...
compiling main.c...
main.c(29): warning:  #61-D: integer operation result is out of range
main.c(29): warning:  #68-D: integer conversion resulted in a change of sign
compiling TCM8230.c...
compiling isi2.c...
assembling SAM9XE.s...
linking...
PIT_test.axf: Error: L6218E: Undefined symbol ISI_Enable (referred from main.o).
PIT_test.axf: Error: L6218E: Undefined symbol ISI_Init (referred from main.o).
Target not created
Build target 'Target 1'
linking...
PIT_test.axf: Error: L6218E: Undefined symbol ISI_Enable (referred from main.o).
PIT_test.axf: Error: L6218E: Undefined symbol ISI_Init (referred from main.o).
Target not created
compiling main.c...
main.c(29): warning:  #61-D: integer operation result is out of range
main.c(29): warning:  #68-D: integer conversion resulted in a change of sign
main.c - 0 Error(s), 2 Warning(s).
Rebuild target 'Target 1'
compiling pit.c...
compiling aic.c...
compiling tc.c...
compiling twi.c...
compiling dbgu.c...
compiling math.c...
compiling pio.c...
compiling main.c...
main.c(29): warning:  #61-D: integer operation result is out of range
main.c(29): warning:  #68-D: integer conversion resulted in a change of sign
compiling TCM8230.c...
compiling isi2.c...
assembling SAM9XE.s...
linking...
PIT_test.axf: Error: L6218E: Undefined symbol ISI_Enable (referred from main.o).
PIT_test.axf: Error: L6218E: Undefined symbol ISI_Init (referred from main.o).
Target not created
Rebuild target 'Target 1'
compiling pit.c...
compiling aic.c...
compiling tc.c...
compiling twi.c...
compiling dbgu.c...
compiling math.c...
compiling pio.c...
compiling main.c...
main.c(29): warning:  #61-D: integer operation result is out of range
main.c(29): warning:  #68-D: integer conversion resulted in a change of sign
compiling TCM8230.c...
compiling isi2.c...
assembling SAM9XE.s...
linking...
Program Size: Code=2996 RO-data=136 RW-data=0 ZI-data=1256  
"PIT_test.axf" - 0 Error(s), 2 Warning(s).
Rebuild target 'Target 1'
compiling pit.c...
compiling aic.c...
compiling tc.c...
compiling twi.c...
compiling dbgu.c...
compiling math.c...
compiling pio.c...
compiling main.c...
main.c(29): warning:  #61-D: integer operation result is out of range
main.c(29): warning:  #68-D: integer conversion resulted in a change of sign
compiling TCM8230.c...
compiling isi2.c...
assembling SAM9XE.s...
linking...
PIT_test.axf: Error: L6218E: Undefined symbol ISI_Enable (referred from main.o).
PIT_test.axf: Error: L6218E: Undefined symbol ISI_Init (referred from main.o).
Target not created
Rebuild target 'Target 1'
compiling pit.c...
compiling aic.c...
compiling tc.c...
compiling twi.c...
compiling dbgu.c...
compiling math.c...
compiling pio.c...
compiling main.c...
main.c(29): warning:  #61-D: integer operation result is out of range
main.c(29): warning:  #68-D: integer conversion resulted in a change of sign
compiling TCM8230.c...
compiling isi2.c...
assembling SAM9XE.s...
linking...
PIT_test.axf: Error: L6218E: Undefined symbol ISI_Enable (referred from main.o).
PIT_test.axf: Error: L6218E: Undefined symbol ISI_Init (referred from main.o).
Target not created
Rebuild target 'Target 1'
compiling pit.c...
compiling aic.c...
compiling tc.c...
compiling twi.c...
compiling dbgu.c...
compiling math.c...
compiling pio.c...
compiling main.c...
main.c(29): warning:  #61-D: integer operation result is out of range
main.c(29): warning:  #68-D: integer conversion resulted in a change of sign
compiling TCM8230.c...
compiling isi2.c...
assembling SAM9XE.s...
linking...
PIT_test.axf: Error: L6218E: Undefined symbol ISI_Enable (referred from main.o).
PIT_test.axf: Error: L6218E: Undefined symbol ISI_Init (referred from main.o).
Target not created
Rebuild target 'Target 1'
compiling pit.c...
compiling aic.c...
compiling tc.c...
compiling twi.c...
compiling dbgu.c...
compiling math.c...
compiling pio.c...
compiling main.c...
main.c(29): warning:  #61-D: integer operation result is out of range
main.c(29): warning:  #68-D: integer conversion resulted in a change of sign
compiling TCM8230.c...
compiling isi2.c...
assembling SAM9XE.s...
linking...
PIT_test.axf: Error: L6218E: Undefined symbol ISI_Enable (referred from main.o).
PIT_test.axf: Error: L6218E: Undefined symbol ISI_Init (referred from main.o).
Target not created
Rebuild target 'Target 1'
compiling pit.c...
compiling aic.c...
compiling tc.c...
compiling twi.c...
compiling dbgu.c...
compiling math.c...
compiling pio.c...
compiling main.c...
main.c(29): warning:  #61-D: integer operation result is out of range
main.c(29): warning:  #68-D: integer conversion resulted in a change of sign
compiling TCM8230.c...
compiling isi2.c...
assembling SAM9XE.s...
linking...
PIT_test.axf: Error: L6218E: Undefined symbol ISI_Enable (referred from main.o).
PIT_test.axf: Error: L6218E: Undefined symbol ISI_Init (referred from main.o).
Target not created
Rebuild target 'Target 1'
compiling pit.c...
compiling aic.c...
compiling tc.c...
compiling twi.c...
compiling dbgu.c...
compiling math.c...
compiling pio.c...
compiling main.c...
main.c(29): warning:  #61-D: integer operation result is out of range
main.c(29): warning:  #68-D: integer conversion resulted in a change of sign
compiling TCM8230.c...
compiling isi2.c...
isi2.c: Error:  #5: cannot open source input file "header files\isi2.c": No such file or directory
Target not created
Rebuild target 'Target 1'
compiling pit.c...
compiling aic.c...
compiling tc.c...
compiling twi.c...
compiling dbgu.c...
compiling math.c...
compiling pio.c...
compiling main.c...
main.c(29): warning:  #61-D: integer operation result is out of range
main.c(29): warning:  #68-D: integer conversion resulted in a change of sign
compiling TCM8230.c...
compiling isi.c...
assembling SAM9XE.s...
linking...
PIT_test.axf: Error: L6218E: Undefined symbol ISI_Enable (referred from main.o).
PIT_test.axf: Error: L6218E: Undefined symbol ISI_Init (referred from main.o).
Target not created
Rebuild target 'Target 1'
compiling pit.c...
compiling aic.c...
compiling tc.c...
compiling twi.c...
compiling dbgu.c...
compiling math.c...
compiling pio.c...
compiling main.c...
main.c(29): warning:  #61-D: integer operation result is out of range
main.c(29): warning:  #68-D: integer conversion resulted in a change of sign
compiling TCM8230.c...
compiling isi.c...
assembling SAM9XE.s...
linking...
PIT_test.axf: Error: L6218E: Undefined symbol ISI_Enable (referred from main.o).
PIT_test.axf: Error: L6218E: Undefined symbol ISI_Init (referred from main.o).
Target not created
Rebuild target 'Target 1'
compiling pit.c...
compiling aic.c...
compiling tc.c...
compiling twi.c...
compiling dbgu.c...
compiling math.c...
compiling pio.c...
compiling main.c...
main.c(29): warning:  #61-D: integer operation result is out of range
main.c(29): warning:  #68-D: integer conversion resulted in a change of sign
compiling TCM8230.c...
compiling isi.c...
assembling SAM9XE.s...
linking...
PIT_test.axf: Error: L6218E: Undefined symbol ISI_Enable (referred from main.o).
PIT_test.axf: Error: L6218E: Undefined symbol ISI_Init (referred from main.o).
Target not created
Rebuild target 'Target 1'
compiling pit.c...
compiling aic.c...
compiling tc.c...
compiling twi.c...
compiling dbgu.c...
compiling math.c...
compiling pio.c...
compiling main.c...
header files/isi.h(87): warning:  #260-D: explicit type is missing ("int" assumed)
header files/isi.h(87): error:  #65: expected a ";"
main.c(29): warning:  #61-D: integer operation result is out of range
main.c(29): warning:  #68-D: integer conversion resulted in a change of sign
main.c(38): warning:  #223-D: function "ISI_Enable" declared implicitly
compiling TCM8230.c...
compiling isi.c...
header files\isi.h(87): warning:  #260-D: explicit type is missing ("int" assumed)
header files\isi.h(87): error:  #65: expected a ";"
assembling SAM9XE.s...
Target not created
Rebuild target 'Target 1'
compiling pit.c...
compiling aic.c...
compiling tc.c...
compiling twi.c...
compiling dbgu.c...
compiling math.c...
compiling pio.c...
compiling main.c...
main.c(29): warning:  #61-D: integer operation result is out of range
main.c(29): warning:  #68-D: integer conversion resulted in a change of sign
compiling TCM8230.c...
compiling isi.c...
assembling SAM9XE.s...
linking...
PIT_test.axf: Error: L6218E: Undefined symbol ISI_Enable (referred from main.o).
PIT_test.axf: Error: L6218E: Undefined symbol ISI_Init (referred from main.o).
Target not created
Rebuild target 'Target 1'
compiling pit.c...
compiling aic.c...
compiling tc.c...
compiling twi.c...
compiling dbgu.c...
compiling math.c...
compiling pio.c...
compiling main.c...
main.c(29): warning:  #61-D: integer operation result is out of range
main.c(29): warning:  #68-D: integer conversion resulted in a change of sign
compiling TCM8230.c...
compiling isi.c...
assembling SAM9XE.s...
linking...
PIT_test.axf: Error: L6218E: Undefined symbol ISI_Enable (referred from main.o).
PIT_test.axf: Error: L6218E: Undefined symbol ISI_Init (referred from main.o).
Target not created
