<html>
<body>
<pre>
<h1>µVision Build Log</h1>
<h2>Project:</h2>
C:\Documents and Settings\team1\My Documents\AT91 Code\PIT_test.uvproj
Project File Date:  03/19/2012

<h2>Output:</h2>
Rebuild target 'Target 1'
compiling pit.c...
compiling aic.c...
compiling tc.c...
compiling twi.c...
compiling dbgu.c...
compiling math.c...
compiling pio.c...
compiling main.c...
main.c(29): warning:  #61-D: integer operation result is out of range
main.c(29): warning:  #68-D: integer conversion resulted in a change of sign
compiling TCM8230.c...
compiling isi2.c...
isi2.c: Error:  #5: cannot open source input file "header files\isi2.c": No such file or directory
Target not created
Rebuild target 'Target 1'
compiling pit.c...
compiling aic.c...
compiling tc.c...
compiling twi.c...
compiling dbgu.c...
compiling math.c...
compiling pio.c...
compiling main.c...
main.c(29): warning:  #61-D: integer operation result is out of range
main.c(29): warning:  #68-D: integer conversion resulted in a change of sign
compiling TCM8230.c...
compiling isi.c...
assembling SAM9XE.s...
linking...
PIT_test.axf: Error: L6218E: Undefined symbol ISI_Enable (referred from main.o).
PIT_test.axf: Error: L6218E: Undefined symbol ISI_Init (referred from main.o).
Target not created
Rebuild target 'Target 1'
compiling pit.c...
compiling aic.c...
compiling tc.c...
compiling twi.c...
compiling dbgu.c...
compiling math.c...
compiling pio.c...
compiling main.c...
main.c(29): warning:  #61-D: integer operation result is out of range
main.c(29): warning:  #68-D: integer conversion resulted in a change of sign
main.c(39): error:  #136: struct "_AT91S_ISI" has no field "ISI_CTRL"
main.c(39): error:  #20: identifier "AT91C_ISI_EN_1" is undefined
main.c(41): error:  #136: struct "_AT91S_ISI" has no field "ISI_DMACHER"
main.c(41): error:  #20: identifier "AT91C_ISI_P_CH_EN_1" is undefined
main.c(44): error:  #136: struct "_AT91S_ISI" has no field "ISI_CFG1"
main.c(45): error:  #136: struct "_AT91S_ISI" has no field "ISI_CFG2"
compiling TCM8230.c...
compiling isi.c...
assembling SAM9XE.s...
Target not created
Rebuild target 'Target 1'
compiling pit.c...
compiling aic.c...
compiling tc.c...
compiling twi.c...
compiling dbgu.c...
compiling math.c...
compiling pio.c...
compiling main.c...
main.c(29): warning:  #61-D: integer operation result is out of range
main.c(29): warning:  #68-D: integer conversion resulted in a change of sign
main.c(39): error:  #136: struct "_AT91S_ISI" has no field "ISI_CTRL"
main.c(39): error:  #20: identifier "AT91C_ISI_EN_1" is undefined
main.c(41): error:  #136: struct "_AT91S_ISI" has no field "ISI_DMACHER"
main.c(41): error:  #20: identifier "AT91C_ISI_P_CH_EN_1" is undefined
compiling TCM8230.c...
compiling isi.c...
assembling SAM9XE.s...
Target not created
Rebuild target 'Target 1'
compiling pit.c...
compiling aic.c...
compiling tc.c...
compiling twi.c...
compiling dbgu.c...
compiling math.c...
compiling pio.c...
compiling main.c...
main.c(30): warning:  #61-D: integer operation result is out of range
main.c(30): warning:  #68-D: integer conversion resulted in a change of sign
main.c(40): error:  #136: struct "_AT91S_ISI" has no field "ISI_CTRL"
main.c(40): error:  #20: identifier "AT91C_ISI_EN_1" is undefined
main.c(42): error:  #136: struct "_AT91S_ISI" has no field "ISI_DMACHER"
main.c(42): error:  #20: identifier "AT91C_ISI_P_CH_EN_1" is undefined
compiling TCM8230.c...
compiling isi.c...
assembling SAM9XE.s...
Target not created
Rebuild target 'Target 1'
compiling pit.c...
compiling aic.c...
compiling tc.c...
compiling twi.c...
compiling dbgu.c...
compiling math.c...
compiling pio.c...
compiling main.c...
main.c(30): warning:  #61-D: integer operation result is out of range
main.c(30): warning:  #68-D: integer conversion resulted in a change of sign
compiling TCM8230.c...
compiling isi.c...
assembling SAM9XE.s...
linking...
Program Size: Code=3016 RO-data=136 RW-data=0 ZI-data=1256  
"PIT_test.axf" - 0 Error(s), 2 Warning(s).
Load "C:\\Documents and Settings\\team1\\My Documents\\AT91 Code\\PIT_test.AXF" 
Include "C:\\Documents and Settings\\team1\\My Documents\\AT91 Code\\..\\Test Program\\Clock.ini" 
/******************************************************************************/
/* Clock.ini: Initialize clock to Main Oscillator clock                       */
/******************************************************************************/
// <<< Use Configuration Wizard in Context Menu >>>                           // 
/******************************************************************************/
/* This file is part of the uVision/ARM development tools.                    */
/* Copyright (c) 2005-2010 Keil Software. All rights reserved.                */
/* This software may only be used under the terms of a valid, current,        */
/* end user licence from KEIL for a compatible version of KEIL software       */
/* development tools. Nothing else gives you the right to use this software.  */
/******************************************************************************/
DEFINE LONG PMC;
PMC = 0xFFFFFC00;
_WDWORD(PMC+0x20, 0x00000701);      // CKGR_MOR: Enable main oscillator
_sleep_(10);                        // Wait for stable Main Oscillator
_WDWORD(PMC+0x30, 0x00000000);      // PMC_MCKR: PRES field 0
_sleep_(10);                        // Wait for Master Clock ready
_WDWORD(PMC+0x30, 0x00000001);      // PMC_MCKR: Select Main Oscillator clock
_sleep_(10);                        // Wait for Master Clock ready
Erase Done.
Programming Done.
Verify OK.
Rebuild target 'Target 1'
compiling pit.c...
compiling aic.c...
compiling tc.c...
compiling twi.c...
compiling dbgu.c...
compiling math.c...
compiling pio.c...
compiling main.c...
main.c(30): warning:  #61-D: integer operation result is out of range
main.c(30): warning:  #68-D: integer conversion resulted in a change of sign
compiling TCM8230.c...
compiling isi.c...
assembling SAM9XE.s...
linking...
Program Size: Code=3016 RO-data=136 RW-data=0 ZI-data=1256  
"PIT_test.axf" - 0 Error(s), 2 Warning(s).
Load "C:\\Documents and Settings\\team1\\My Documents\\AT91 Code\\PIT_test.AXF" 
Include "C:\\Documents and Settings\\team1\\My Documents\\AT91 Code\\..\\Test Program\\Clock.ini" 
/******************************************************************************/
/* Clock.ini: Initialize clock to Main Oscillator clock                       */
/******************************************************************************/
// <<< Use Configuration Wizard in Context Menu >>>                           // 
/******************************************************************************/
/* This file is part of the uVision/ARM development tools.                    */
/* Copyright (c) 2005-2010 Keil Software. All rights reserved.                */
/* This software may only be used under the terms of a valid, current,        */
/* end user licence from KEIL for a compatible version of KEIL software       */
/* development tools. Nothing else gives you the right to use this software.  */
/******************************************************************************/
DEFINE LONG PMC;
PMC = 0xFFFFFC00;
_WDWORD(PMC+0x20, 0x00000701);      // CKGR_MOR: Enable main oscillator
_sleep_(10);                        // Wait for stable Main Oscillator
_WDWORD(PMC+0x30, 0x00000000);      // PMC_MCKR: PRES field 0
_sleep_(10);                        // Wait for Master Clock ready
_WDWORD(PMC+0x30, 0x00000001);      // PMC_MCKR: Select Main Oscillator clock
_sleep_(10);                        // Wait for Master Clock ready
Erase Done.
Programming Done.
Verify OK.
Rebuild target 'Target 1'
compiling pit.c...
compiling aic.c...
compiling tc.c...
compiling twi.c...
compiling dbgu.c...
compiling math.c...
compiling pio.c...
compiling main.c...
main.c(30): warning:  #61-D: integer operation result is out of range
main.c(30): warning:  #68-D: integer conversion resulted in a change of sign
compiling TCM8230.c...
compiling isi.c...
assembling SAM9XE.s...
linking...
Program Size: Code=3016 RO-data=136 RW-data=0 ZI-data=1256  
"PIT_test.axf" - 0 Error(s), 2 Warning(s).
Load "C:\\Documents and Settings\\team1\\My Documents\\AT91 Code\\PIT_test.AXF" 
Include "C:\\Documents and Settings\\team1\\My Documents\\AT91 Code\\..\\Test Program\\Clock.ini" 
/******************************************************************************/
/* Clock.ini: Initialize clock to Main Oscillator clock                       */
/******************************************************************************/
// <<< Use Configuration Wizard in Context Menu >>>                           // 
/******************************************************************************/
/* This file is part of the uVision/ARM development tools.                    */
/* Copyright (c) 2005-2010 Keil Software. All rights reserved.                */
/* This software may only be used under the terms of a valid, current,        */
/* end user licence from KEIL for a compatible version of KEIL software       */
/* development tools. Nothing else gives you the right to use this software.  */
/******************************************************************************/
DEFINE LONG PMC;
PMC = 0xFFFFFC00;
_WDWORD(PMC+0x20, 0x00000701);      // CKGR_MOR: Enable main oscillator
_sleep_(10);                        // Wait for stable Main Oscillator
_WDWORD(PMC+0x30, 0x00000000);      // PMC_MCKR: PRES field 0
_sleep_(10);                        // Wait for Master Clock ready
_WDWORD(PMC+0x30, 0x00000001);      // PMC_MCKR: Select Main Oscillator clock
_sleep_(10);                        // Wait for Master Clock ready
Erase Done.
Programming Done.
Verify OK.
Rebuild target 'Target 1'
compiling pit.c...
compiling aic.c...
compiling tc.c...
compiling twi.c...
compiling dbgu.c...
compiling math.c...
compiling pio.c...
compiling main.c...
main.c(30): warning:  #61-D: integer operation result is out of range
main.c(30): warning:  #68-D: integer conversion resulted in a change of sign
main.c(37): error:  #29: expected an expression
main.c(37): error:  #20: identifier "i" is undefined
compiling TCM8230.c...
compiling isi.c...
assembling SAM9XE.s...
Target not created
Rebuild target 'Target 1'
compiling pit.c...
compiling aic.c...
compiling tc.c...
compiling twi.c...
compiling dbgu.c...
compiling math.c...
compiling pio.c...
compiling main.c...
main.c(30): warning:  #61-D: integer operation result is out of range
main.c(30): warning:  #68-D: integer conversion resulted in a change of sign
compiling TCM8230.c...
compiling isi.c...
assembling SAM9XE.s...
linking...
Program Size: Code=3156 RO-data=136 RW-data=0 ZI-data=1256  
"PIT_test.axf" - 0 Error(s), 2 Warning(s).
Rebuild target 'Target 1'
compiling pit.c...
compiling aic.c...
compiling tc.c...
compiling twi.c...
compiling dbgu.c...
compiling math.c...
compiling pio.c...
compiling main.c...
main.c(30): warning:  #61-D: integer operation result is out of range
main.c(30): warning:  #68-D: integer conversion resulted in a change of sign
main.c(56): error:  #20: identifier "AT91_Base_ISI" is undefined
compiling TCM8230.c...
compiling isi.c...
assembling SAM9XE.s...
Target not created
Rebuild target 'Target 1'
compiling pit.c...
compiling aic.c...
compiling tc.c...
compiling twi.c...
compiling dbgu.c...
compiling math.c...
compiling pio.c...
compiling main.c...
main.c(30): warning:  #61-D: integer operation result is out of range
main.c(30): warning:  #68-D: integer conversion resulted in a change of sign
main.c(56): error:  #20: identifier "AT91C_Base_ISI" is undefined
compiling TCM8230.c...
compiling isi.c...
assembling SAM9XE.s...
Target not created
Rebuild target 'Target 1'
compiling pit.c...
compiling aic.c...
compiling tc.c...
compiling twi.c...
compiling dbgu.c...
compiling math.c...
compiling pio.c...
compiling main.c...
main.c(30): warning:  #61-D: integer operation result is out of range
main.c(30): warning:  #68-D: integer conversion resulted in a change of sign
compiling TCM8230.c...
compiling isi.c...
assembling SAM9XE.s...
linking...
Program Size: Code=3180 RO-data=136 RW-data=0 ZI-data=1256  
"PIT_test.axf" - 0 Error(s), 2 Warning(s).
Rebuild target 'Target 1'
compiling pit.c...
compiling aic.c...
compiling tc.c...
compiling twi.c...
compiling dbgu.c...
compiling math.c...
compiling pio.c...
compiling main.c...
main.c(30): warning:  #61-D: integer operation result is out of range
main.c(30): warning:  #68-D: integer conversion resulted in a change of sign
main.c(48): error:  #20: identifier "p" is undefined
main.c(48): error:  #165: too few arguments in function call
main.c(48): error:  #18: expected a ")"
main.c(30): warning:  #177-D: variable "pins" was declared but never referenced
compiling TCM8230.c...
compiling isi.c...
assembling SAM9XE.s...
Target not created
Rebuild target 'Target 1'
compiling pit.c...
compiling aic.c...
compiling tc.c...
compiling twi.c...
compiling dbgu.c...
compiling math.c...
compiling pio.c...
compiling main.c...
main.c(30): warning:  #61-D: integer operation result is out of range
main.c(30): warning:  #68-D: integer conversion resulted in a change of sign
compiling TCM8230.c...
compiling isi.c...
assembling SAM9XE.s...
linking...
Program Size: Code=3180 RO-data=136 RW-data=0 ZI-data=1256  
"PIT_test.axf" - 0 Error(s), 2 Warning(s).
Load "C:\\Documents and Settings\\team1\\My Documents\\AT91 Code\\PIT_test.AXF" 
Internal DLL Error
Load "C:\\Documents and Settings\\team1\\My Documents\\AT91 Code\\PIT_test.AXF" 
Include "C:\\Documents and Settings\\team1\\My Documents\\AT91 Code\\..\\Test Program\\Clock.ini" 
/******************************************************************************/
/* Clock.ini: Initialize clock to Main Oscillator clock                       */
/******************************************************************************/
// <<< Use Configuration Wizard in Context Menu >>>                           // 
/******************************************************************************/
/* This file is part of the uVision/ARM development tools.                    */
/* Copyright (c) 2005-2010 Keil Software. All rights reserved.                */
/* This software may only be used under the terms of a valid, current,        */
/* end user licence from KEIL for a compatible version of KEIL software       */
/* development tools. Nothing else gives you the right to use this software.  */
/******************************************************************************/
DEFINE LONG PMC;
PMC = 0xFFFFFC00;
_WDWORD(PMC+0x20, 0x00000701);      // CKGR_MOR: Enable main oscillator
_sleep_(10);                        // Wait for stable Main Oscillator
_WDWORD(PMC+0x30, 0x00000000);      // PMC_MCKR: PRES field 0
_sleep_(10);                        // Wait for Master Clock ready
_WDWORD(PMC+0x30, 0x00000001);      // PMC_MCKR: Select Main Oscillator clock
_sleep_(10);                        // Wait for Master Clock ready
Erase Done.
Programming Done.
Verify OK.
